2026-09-02 22:22:52.800  INFO 40956 --- [main] c.a.n.client.env.SearchableProperties    : properties search order:PROPERTIES->JVM->ENV->DEFAULT_SETTING
2026-09-02 22:22:52.960  INFO 40956 --- [main] c.k.a.g.KnowflowGatewayApplication       : Starting KnowflowGatewayApplication v1.0.0-SNAPSHOT using Java 1.8.0_201 on sqs-computer with PID 40956 (D:\workspaces\java\knowflow-ai\knowflow-gateway\target\knowflow-gateway-1.0.0-SNAPSHOT.jar started by sqs in D:\workspaces\java\knowflow-ai)
2026-09-02 22:22:52.961  INFO 40956 --- [main] c.k.a.g.KnowflowGatewayApplication       : No active profile set, falling back to 1 default profile: "default"
2026-09-02 22:22:53.696  INFO 40956 --- [main] o.s.cloud.context.scope.GenericScope     : BeanFactory id=2ead8689-057a-3b15-90d3-8a8232d153e8
2026-09-02 22:22:53.963  INFO 40956 --- [main] trationDelegate$BeanPostProcessorChecker : Bean 'org.springframework.cloud.client.loadbalancer.reactive.LoadBalancerBeanPostProcessorAutoConfiguration' of type [org.springframework.cloud.client.loadbalancer.reactive.LoadBalancerBeanPostProcessorAutoConfiguration] is not eligible for getting processed by all BeanPostProcessors (for example: not eligible for auto-proxying)
2026-09-02 22:22:53.965  INFO 40956 --- [main] trationDelegate$BeanPostProcessorChecker : Bean 'org.springframework.cloud.client.loadbalancer.reactive.LoadBalancerBeanPostProcessorAutoConfiguration$ReactorDeferringLoadBalancerFilterConfig' of type [org.springframework.cloud.client.loadbalancer.reactive.LoadBalancerBeanPostProcessorAutoConfiguration$ReactorDeferringLoadBalancerFilterConfig] is not eligible for getting processed by all BeanPostProcessors (for example: not eligible for auto-proxying)
2026-09-02 22:22:53.966  INFO 40956 --- [main] trationDelegate$BeanPostProcessorChecker : Bean 'reactorDeferringLoadBalancerExchangeFilterFunction' of type [org.springframework.cloud.client.loadbalancer.reactive.DeferringLoadBalancerExchangeFilterFunction] is not eligible for getting processed by all BeanPostProcessors (for example: not eligible for auto-proxying)
2026-09-02 22:22:55.985  INFO 40956 --- [main] o.s.cloud.commons.util.InetUtils         : Cannot determine local hostname
2026-09-02 22:22:59.036  INFO 40956 --- [main] o.s.cloud.commons.util.InetUtils         : Cannot determine local hostname
2026-09-02 22:23:04.345  INFO 40956 --- [main] o.s.c.g.r.RouteDefinitionRouteLocator    : Loaded RoutePredicateFactory [After]
2026-09-02 22:23:04.345  INFO 40956 --- [main] o.s.c.g.r.RouteDefinitionRouteLocator    : Loaded RoutePredicateFactory [Before]
2026-09-02 22:23:04.346  INFO 40956 --- [main] o.s.c.g.r.RouteDefinitionRouteLocator    : Loaded RoutePredicateFactory [Between]
2026-09-02 22:23:04.346  INFO 40956 --- [main] o.s.c.g.r.RouteDefinitionRouteLocator    : Loaded RoutePredicateFactory [Cookie]
2026-09-02 22:23:04.346  INFO 40956 --- [main] o.s.c.g.r.RouteDefinitionRouteLocator    : Loaded RoutePredicateFactory [Header]
2026-09-02 22:23:04.346  INFO 40956 --- [main] o.s.c.g.r.RouteDefinitionRouteLocator    : Loaded RoutePredicateFactory [Host]
2026-09-02 22:23:04.346  INFO 40956 --- [main] o.s.c.g.r.RouteDefinitionRouteLocator    : Loaded RoutePredicateFactory [Method]
2026-09-02 22:23:04.346  INFO 40956 --- [main] o.s.c.g.r.RouteDefinitionRouteLocator    : Loaded RoutePredicateFactory [Path]
2026-09-02 22:23:04.346  INFO 40956 --- [main] o.s.c.g.r.RouteDefinitionRouteLocator    : Loaded RoutePredicateFactory [Query]
2026-09-02 22:23:04.347  INFO 40956 --- [main] o.s.c.g.r.RouteDefinitionRouteLocator    : Loaded RoutePredicateFactory [ReadBody]
2026-09-02 22:23:04.347  INFO 40956 --- [main] o.s.c.g.r.RouteDefinitionRouteLocator    : Loaded RoutePredicateFactory [RemoteAddr]
2026-09-02 22:23:04.347  INFO 40956 --- [main] o.s.c.g.r.RouteDefinitionRouteLocator    : Loaded RoutePredicateFactory [XForwardedRemoteAddr]
2026-09-02 22:23:04.347  INFO 40956 --- [main] o.s.c.g.r.RouteDefinitionRouteLocator    : Loaded RoutePredicateFactory [Weight]
2026-09-02 22:23:04.347  INFO 40956 --- [main] o.s.c.g.r.RouteDefinitionRouteLocator    : Loaded RoutePredicateFactory [CloudFoundryRouteService]
2026-09-02 22:23:04.359  INFO 40956 --- [main] c.a.c.s.g.s.SentinelSCGAutoConfiguration : [Sentinel SpringCloudGateway] register SentinelGatewayFilter with order: -2147483648
2026-09-02 22:23:04.452  INFO 40956 --- [main] c.a.c.s.g.s.SentinelSCGAutoConfiguration : [Sentinel SpringCloudGateway] register SentinelGatewayBlockExceptionHandler
2026-09-02 22:23:05.931  INFO 40956 --- [main] o.s.cloud.commons.util.InetUtils         : Cannot determine local hostname
2026-09-02 22:23:05.967  WARN 40956 --- [main] onfigReactiveWebServerApplicationContext : Exception encountered during context initialization - cancelling refresh attempt: org.springframework.beans.factory.BeanCreationException: Error creating bean with name 'com.alibaba.cloud.sentinel.custom.SentinelAutoConfiguration': Invocation of init method failed; nested exception is java.lang.NullPointerException
2026-09-02 22:23:05.977  INFO 40956 --- [main] ConditionEvaluationReportLoggingListener : 

Error starting ApplicationContext. To display the conditions report re-run your application with 'debug' enabled.
2026-09-02 22:23:05.986 ERROR 40956 --- [main] o.s.boot.SpringApplication               : Application run failed

org.springframework.beans.factory.BeanCreationException: Error creating bean with name 'com.alibaba.cloud.sentinel.custom.SentinelAutoConfiguration': Invocation of init method failed; nested exception is java.lang.NullPointerException
	at org.springframework.beans.factory.annotation.InitDestroyAnnotationBeanPostProcessor.postProcessBeforeInitialization(InitDestroyAnnotationBeanPostProcessor.java:160) ~[spring-beans-5.3.31.jar!/:5.3.31]
	at org.springframework.beans.factory.support.AbstractAutowireCapableBeanFactory.applyBeanPostProcessorsBeforeInitialization(AbstractAutowireCapableBeanFactory.java:440) ~[spring-beans-5.3.31.jar!/:5.3.31]
	at org.springframework.beans.factory.support.AbstractAutowireCapableBeanFactory.initializeBean(AbstractAutowireCapableBeanFactory.java:1796) ~[spring-beans-5.3.31.jar!/:5.3.31]
	at org.springframework.beans.factory.support.AbstractAutowireCapableBeanFactory.doCreateBean(AbstractAutowireCapableBeanFactory.java:620) ~[spring-beans-5.3.31.jar!/:5.3.31]
	at org.springframework.beans.factory.support.AbstractAutowireCapableBeanFactory.createBean(AbstractAutowireCapableBeanFactory.java:542) ~[spring-beans-5.3.31.jar!/:5.3.31]
	at org.springframework.beans.factory.support.AbstractBeanFactory.lambda$doGetBean$0(AbstractBeanFactory.java:335) ~[spring-beans-5.3.31.jar!/:5.3.31]
	at org.springframework.beans.factory.support.DefaultSingletonBeanRegistry.getSingleton(DefaultSingletonBeanRegistry.java:234) ~[spring-beans-5.3.31.jar!/:5.3.31]
	at org.springframework.beans.factory.support.AbstractBeanFactory.doGetBean(AbstractBeanFactory.java:333) ~[spring-beans-5.3.31.jar!/:5.3.31]
	at org.springframework.beans.factory.support.AbstractBeanFactory.getBean(AbstractBeanFactory.java:208) ~[spring-beans-5.3.31.jar!/:5.3.31]
	at org.springframework.beans.factory.support.DefaultListableBeanFactory.preInstantiateSingletons(DefaultListableBeanFactory.java:955) ~[spring-beans-5.3.31.jar!/:5.3.31]
	at org.springframework.context.support.AbstractApplicationContext.finishBeanFactoryInitialization(AbstractApplicationContext.java:929) ~[spring-context-5.3.31.jar!/:5.3.31]
	at org.springframework.context.support.AbstractApplicationContext.refresh(AbstractApplicationContext.java:591) ~[spring-context-5.3.31.jar!/:5.3.31]
	at org.springframework.boot.web.reactive.context.ReactiveWebServerApplicationContext.refresh(ReactiveWebServerApplicationContext.java:66) ~[spring-boot-2.7.18.jar!/:2.7.18]
	at org.springframework.boot.SpringApplication.refresh(SpringApplication.java:732) [spring-boot-2.7.18.jar!/:2.7.18]
	at org.springframework.boot.SpringApplication.refreshContext(SpringApplication.java:409) [spring-boot-2.7.18.jar!/:2.7.18]
	at org.springframework.boot.SpringApplication.run(SpringApplication.java:308) [spring-boot-2.7.18.jar!/:2.7.18]
	at org.springframework.boot.SpringApplication.run(SpringApplication.java:1300) [spring-boot-2.7.18.jar!/:2.7.18]
	at org.springframework.boot.SpringApplication.run(SpringApplication.java:1289) [spring-boot-2.7.18.jar!/:2.7.18]
	at com.knowflow.ai.gateway.KnowflowGatewayApplication.main(KnowflowGatewayApplication.java:12) [classes!/:1.0.0-SNAPSHOT]
	at sun.reflect.NativeMethodAccessorImpl.invoke0(Native Method) ~[na:1.8.0_201]
	at sun.reflect.NativeMethodAccessorImpl.invoke(NativeMethodAccessorImpl.java:62) ~[na:1.8.0_201]
	at sun.reflect.DelegatingMethodAccessorImpl.invoke(DelegatingMethodAccessorImpl.java:43) ~[na:1.8.0_201]
	at java.lang.reflect.Method.invoke(Method.java:498) ~[na:1.8.0_201]
	at org.springframework.boot.loader.MainMethodRunner.run(MainMethodRunner.java:49) [knowflow-gateway-1.0.0-SNAPSHOT.jar:1.0.0-SNAPSHOT]
	at org.springframework.boot.loader.Launcher.launch(Launcher.java:108) [knowflow-gateway-1.0.0-SNAPSHOT.jar:1.0.0-SNAPSHOT]
	at org.springframework.boot.loader.Launcher.launch(Launcher.java:58) [knowflow-gateway-1.0.0-SNAPSHOT.jar:1.0.0-SNAPSHOT]
	at org.springframework.boot.loader.JarLauncher.main(JarLauncher.java:65) [knowflow-gateway-1.0.0-SNAPSHOT.jar:1.0.0-SNAPSHOT]
Caused by: java.lang.NullPointerException: null
	at com.alibaba.csp.sentinel.log.jul.DateFileLogHandler.publish(DateFileLogHandler.java:83) ~[sentinel-core-1.8.6.jar!/:1.8.6]
	at java.util.logging.Logger.log(Logger.java:738) ~[na:1.8.0_201]
	at java.util.logging.Logger.doLog(Logger.java:765) ~[na:1.8.0_201]
	at java.util.logging.Logger.log(Logger.java:876) ~[na:1.8.0_201]
	at com.alibaba.csp.sentinel.log.jul.BaseJulLogger.log(BaseJulLogger.java:54) ~[sentinel-core-1.8.6.jar!/:1.8.6]
	at com.alibaba.csp.sentinel.log.jul.JavaLoggingAdapter.warn(JavaLoggingAdapter.java:64) ~[sentinel-core-1.8.6.jar!/:1.8.6]
	at com.alibaba.csp.sentinel.log.RecordLog.warn(RecordLog.java:60) ~[sentinel-core-1.8.6.jar!/:1.8.6]
	at com.alibaba.csp.sentinel.init.InitExecutor.doInit(InitExecutor.java:61) ~[sentinel-core-1.8.6.jar!/:1.8.6]
	at com.alibaba.cloud.sentinel.custom.SentinelAutoConfiguration.init(SentinelAutoConfiguration.java:135) ~[spring-cloud-starter-alibaba-sentinel-2021.0.6.0.jar!/:2021.0.6.0]
	at sun.reflect.NativeMethodAccessorImpl.invoke0(Native Method) ~[na:1.8.0_201]
	at sun.reflect.NativeMethodAccessorImpl.invoke(NativeMethodAccessorImpl.java:62) ~[na:1.8.0_201]
	at sun.reflect.DelegatingMethodAccessorImpl.invoke(DelegatingMethodAccessorImpl.java:43) ~[na:1.8.0_201]
	at java.lang.reflect.Method.invoke(Method.java:498) ~[na:1.8.0_201]
	at org.springframework.beans.factory.annotation.InitDestroyAnnotationBeanPostProcessor$LifecycleElement.invoke(InitDestroyAnnotationBeanPostProcessor.java:389) ~[spring-beans-5.3.31.jar!/:5.3.31]
	at org.springframework.beans.factory.annotation.InitDestroyAnnotationBeanPostProcessor$LifecycleMetadata.invokeInitMethods(InitDestroyAnnotationBeanPostProcessor.java:333) ~[spring-beans-5.3.31.jar!/:5.3.31]
	at org.springframework.beans.factory.annotation.InitDestroyAnnotationBeanPostProcessor.postProcessBeforeInitialization(InitDestroyAnnotationBeanPostProcessor.java:157) ~[spring-beans-5.3.31.jar!/:5.3.31]
	... 26 common frames omitted

