2026-09-02 22:29:47.927  INFO 29180 --- [main] c.a.n.client.env.SearchableProperties    : properties search order:PROPERTIES->JVM->ENV->DEFAULT_SETTING
2026-09-02 22:29:48.061  INFO 29180 --- [main] c.k.ai.auth.KnowflowAuthApplication      : Starting KnowflowAuthApplication v1.0.0-SNAPSHOT using Java 1.8.0_201 on sqs-computer with PID 29180 (D:\workspaces\java\knowflow-ai\knowflow-auth\target\knowflow-auth-1.0.0-SNAPSHOT.jar started by sqs in D:\workspaces\java\knowflow-ai)
2026-09-02 22:29:48.063  INFO 29180 --- [main] c.k.ai.auth.KnowflowAuthApplication      : No active profile set, falling back to 1 default profile: "default"
2026-09-02 22:29:48.845  INFO 29180 --- [main] o.s.cloud.context.scope.GenericScope     : BeanFactory id=b284ad72-cdd7-3353-8ac0-d0c44b09cbe8
2026-09-02 22:29:49.830  INFO 29180 --- [main] o.s.b.w.embedded.tomcat.TomcatWebServer  : Tomcat initialized with port(s): 8081 (http)
2026-09-02 22:29:49.839  INFO 29180 --- [main] o.apache.catalina.core.StandardService   : Starting service [Tomcat]
2026-09-02 22:29:49.840  INFO 29180 --- [main] org.apache.catalina.core.StandardEngine  : Starting Servlet engine: [Apache Tomcat/9.0.83]
2026-09-02 22:29:50.011  INFO 29180 --- [main] o.a.c.c.C.[Tomcat].[localhost].[/]       : Initializing Spring embedded WebApplicationContext
2026-09-02 22:29:50.022  INFO 29180 --- [main] w.s.c.ServletWebServerApplicationContext : Root WebApplicationContext: initialization completed in 1860 ms
2026-09-02 22:29:51.188  INFO 29180 --- [main] com.zaxxer.hikari.HikariDataSource       : HikariPool-1 - Starting...
2026-09-02 22:29:51.538  INFO 29180 --- [main] com.zaxxer.hikari.HikariDataSource       : HikariPool-1 - Start completed.
2026-09-02 22:29:51.722  WARN 29180 --- [main] .s.s.UserDetailsServiceAutoConfiguration : 

Using generated security password: ebd27ff7-7a52-4249-b693-7d28398dbdf5

This generated password is for development use only. Your security configuration must be updated before running your application in production.

2026-09-02 22:29:51.785  INFO 29180 --- [main] o.s.s.web.DefaultSecurityFilterChain     : Will secure any request with [org.springframework.security.web.session.DisableEncodeUrlFilter@65f8f5ae, org.springframework.security.web.context.request.async.WebAsyncManagerIntegrationFilter@431cd9b2, org.springframework.security.web.context.SecurityContextPersistenceFilter@4007f65e, org.springframework.security.web.header.HeaderWriterFilter@4d1bf319, org.springframework.security.web.savedrequest.RequestCacheAwareFilter@673fdbce, org.springframework.security.web.servletapi.SecurityContextHolderAwareRequestFilter@7a5ceedd, org.springframework.security.web.authentication.AnonymousAuthenticationFilter@38467116, org.springframework.security.web.session.SessionManagementFilter@5c80cf32, org.springframework.security.web.access.ExceptionTranslationFilter@4bdeaabb, org.springframework.security.web.access.intercept.FilterSecurityInterceptor@48e1f6c7]
2026-09-02 22:29:51.904  INFO 29180 --- [main] c.a.c.sentinel.SentinelWebMvcConfigurer  : [Sentinel Starter] register SentinelWebInterceptor with urlPatterns: [/**].
2026-09-02 22:29:53.497  INFO 29180 --- [main] o.s.cloud.commons.util.InetUtils         : Cannot determine local hostname
2026-09-02 22:29:54.849  INFO 29180 --- [main] b.m.s.MybatisPlusApplicationContextAware : Register ApplicationContext instances org.springframework.boot.web.servlet.context.AnnotationConfigServletWebServerApplicationContext@e45f292
2026-09-02 22:29:56.991  INFO 29180 --- [main] o.s.cloud.commons.util.InetUtils         : Cannot determine local hostname
2026-09-02 22:29:57.021  INFO 29180 --- [main] o.s.b.w.embedded.tomcat.TomcatWebServer  : Tomcat started on port(s): 8081 (http) with context path ''
2026-09-02 22:29:57.053  INFO 29180 --- [main] c.a.n.p.a.s.c.ClientAuthPluginManager    : [ClientAuthPluginManager] Load ClientAuthService com.alibaba.nacos.client.auth.impl.NacosClientAuthServiceImpl success.
2026-09-02 22:29:57.054  INFO 29180 --- [main] c.a.n.p.a.s.c.ClientAuthPluginManager    : [ClientAuthPluginManager] Load ClientAuthService com.alibaba.nacos.client.auth.ram.RamClientAuthServiceImpl success.
2026-09-02 22:29:58.962  INFO 29180 --- [main] c.a.c.n.registry.NacosServiceRegistry    : nacos registry, DEFAULT_GROUP knowflow-auth 192.168.177.1:8081 register finished
2026-09-02 22:30:00.407  INFO 29180 --- [main] o.s.cloud.commons.util.InetUtils         : Cannot determine local hostname
2026-09-02 22:30:00.414  INFO 29180 --- [main] c.k.ai.auth.KnowflowAuthApplication      : Started KnowflowAuthApplication in 14.425 seconds (JVM running for 14.776)
2026-09-02 22:30:22.380  INFO 29180 --- [http-nio-8081-exec-1] o.a.c.c.C.[Tomcat].[localhost].[/]       : Initializing Spring DispatcherServlet 'dispatcherServlet'
2026-09-02 22:30:22.380  INFO 29180 --- [http-nio-8081-exec-1] o.s.web.servlet.DispatcherServlet        : Initializing Servlet 'dispatcherServlet'
2026-09-02 22:30:22.381  INFO 29180 --- [http-nio-8081-exec-1] o.s.web.servlet.DispatcherServlet        : Completed initialization in 1 ms
