2026-09-02 22:22:52.790  INFO 6052 --- [main] c.a.n.client.env.SearchableProperties    : properties search order:PROPERTIES->JVM->ENV->DEFAULT_SETTING
2026-09-02 22:22:52.926  INFO 6052 --- [main] c.k.a.k.KnowflowKnowledgeApplication     : Starting KnowflowKnowledgeApplication v1.0.0-SNAPSHOT using Java 1.8.0_201 on sqs-computer with PID 6052 (D:\workspaces\java\knowflow-ai\knowflow-knowledge\target\knowflow-knowledge-1.0.0-SNAPSHOT.jar started by sqs in D:\workspaces\java\knowflow-ai)
2026-09-02 22:22:52.927  INFO 6052 --- [main] c.k.a.k.KnowflowKnowledgeApplication     : No active profile set, falling back to 1 default profile: "default"
2026-09-02 22:22:53.522  INFO 6052 --- [main] o.s.cloud.context.scope.GenericScope     : BeanFactory id=38312f3d-b0d6-3fd6-95b5-fd6d12da98f3
2026-09-02 22:22:58.967  INFO 6052 --- [main] o.s.b.w.embedded.tomcat.TomcatWebServer  : Tomcat initialized with port(s): 8082 (http)
2026-09-02 22:22:58.972  INFO 6052 --- [main] o.apache.catalina.core.StandardService   : Starting service [Tomcat]
2026-09-02 22:22:58.972  INFO 6052 --- [main] org.apache.catalina.core.StandardEngine  : Starting Servlet engine: [Apache Tomcat/9.0.83]
2026-09-02 22:22:59.032  INFO 6052 --- [main] o.a.c.c.C.[Tomcat].[localhost].[/]       : Initializing Spring embedded WebApplicationContext
2026-09-02 22:22:59.032  INFO 6052 --- [main] w.s.c.ServletWebServerApplicationContext : Root WebApplicationContext: initialization completed in 6021 ms
2026-09-02 22:22:59.152  WARN 6052 --- [main] ConfigServletWebServerApplicationContext : Exception encountered during context initialization - cancelling refresh attempt: org.springframework.beans.factory.BeanCreationException: Error creating bean with name 'sentinelRuleConfig': Invocation of init method failed; nested exception is java.lang.ExceptionInInitializerError
2026-09-02 22:22:59.156  INFO 6052 --- [main] o.apache.catalina.core.StandardService   : Stopping service [Tomcat]
2026-09-02 22:22:59.190  INFO 6052 --- [main] ConditionEvaluationReportLoggingListener : 

Error starting ApplicationContext. To display the conditions report re-run your application with 'debug' enabled.
2026-09-02 22:22:59.207 ERROR 6052 --- [main] o.s.boot.SpringApplication               : Application run failed

org.springframework.beans.factory.BeanCreationException: Error creating bean with name 'sentinelRuleConfig': Invocation of init method failed; nested exception is java.lang.ExceptionInInitializerError
	at org.springframework.beans.factory.annotation.InitDestroyAnnotationBeanPostProcessor.postProcessBeforeInitialization(InitDestroyAnnotationBeanPostProcessor.java:160) ~[spring-beans-5.3.31.jar!/:5.3.31]
	at org.springframework.beans.factory.support.AbstractAutowireCapableBeanFactory.applyBeanPostProcessorsBeforeInitialization(AbstractAutowireCapableBeanFactory.java:440) ~[spring-beans-5.3.31.jar!/:5.3.31]
	at org.springframework.beans.factory.support.AbstractAutowireCapableBeanFactory.initializeBean(AbstractAutowireCapableBeanFactory.java:1796) ~[spring-beans-5.3.31.jar!/:5.3.31]
	at org.springframework.beans.factory.support.AbstractAutowireCapableBeanFactory.doCreateBean(AbstractAutowireCapableBeanFactory.java:620) ~[spring-beans-5.3.31.jar!/:5.3.31]
	at org.springframework.beans.factory.support.AbstractAutowireCapableBeanFactory.createBean(AbstractAutowireCapableBeanFactory.java:542) ~[spring-beans-5.3.31.jar!/:5.3.31]
	at org.springframework.beans.factory.support.AbstractBeanFactory.lambda$doGetBean$0(AbstractBeanFactory.java:335) ~[spring-beans-5.3.31.jar!/:5.3.31]
	at org.springframework.beans.factory.support.DefaultSingletonBeanRegistry.getSingleton(DefaultSingletonBeanRegistry.java:234) ~[spring-beans-5.3.31.jar!/:5.3.31]
	at org.springframework.beans.factory.support.AbstractBeanFactory.doGetBean(AbstractBeanFactory.java:333) ~[spring-beans-5.3.31.jar!/:5.3.31]
	at org.springframework.beans.factory.support.AbstractBeanFactory.getBean(AbstractBeanFactory.java:208) ~[spring-beans-5.3.31.jar!/:5.3.31]
	at org.springframework.beans.factory.support.DefaultListableBeanFactory.preInstantiateSingletons(DefaultListableBeanFactory.java:955) ~[spring-beans-5.3.31.jar!/:5.3.31]
	at org.springframework.context.support.AbstractApplicationContext.finishBeanFactoryInitialization(AbstractApplicationContext.java:929) ~[spring-context-5.3.31.jar!/:5.3.31]
	at org.springframework.context.support.AbstractApplicationContext.refresh(AbstractApplicationContext.java:591) ~[spring-context-5.3.31.jar!/:5.3.31]
	at org.springframework.boot.web.servlet.context.ServletWebServerApplicationContext.refresh(ServletWebServerApplicationContext.java:147) ~[spring-boot-2.7.18.jar!/:2.7.18]
	at org.springframework.boot.SpringApplication.refresh(SpringApplication.java:732) [spring-boot-2.7.18.jar!/:2.7.18]
	at org.springframework.boot.SpringApplication.refreshContext(SpringApplication.java:409) [spring-boot-2.7.18.jar!/:2.7.18]
	at org.springframework.boot.SpringApplication.run(SpringApplication.java:308) [spring-boot-2.7.18.jar!/:2.7.18]
	at org.springframework.boot.SpringApplication.run(SpringApplication.java:1300) [spring-boot-2.7.18.jar!/:2.7.18]
	at org.springframework.boot.SpringApplication.run(SpringApplication.java:1289) [spring-boot-2.7.18.jar!/:2.7.18]
	at com.knowflow.ai.knowledge.KnowflowKnowledgeApplication.main(KnowflowKnowledgeApplication.java:12) [classes!/:1.0.0-SNAPSHOT]
	at sun.reflect.NativeMethodAccessorImpl.invoke0(Native Method) ~[na:1.8.0_201]
	at sun.reflect.NativeMethodAccessorImpl.invoke(NativeMethodAccessorImpl.java:62) ~[na:1.8.0_201]
	at sun.reflect.DelegatingMethodAccessorImpl.invoke(DelegatingMethodAccessorImpl.java:43) ~[na:1.8.0_201]
	at java.lang.reflect.Method.invoke(Method.java:498) ~[na:1.8.0_201]
	at org.springframework.boot.loader.MainMethodRunner.run(MainMethodRunner.java:49) [knowflow-knowledge-1.0.0-SNAPSHOT.jar:1.0.0-SNAPSHOT]
	at org.springframework.boot.loader.Launcher.launch(Launcher.java:108) [knowflow-knowledge-1.0.0-SNAPSHOT.jar:1.0.0-SNAPSHOT]
	at org.springframework.boot.loader.Launcher.launch(Launcher.java:58) [knowflow-knowledge-1.0.0-SNAPSHOT.jar:1.0.0-SNAPSHOT]
	at org.springframework.boot.loader.JarLauncher.main(JarLauncher.java:65) [knowflow-knowledge-1.0.0-SNAPSHOT.jar:1.0.0-SNAPSHOT]
Caused by: java.lang.ExceptionInInitializerError: null
	at com.knowflow.ai.knowledge.config.SentinelRuleConfig.initializeFlowRules(SentinelRuleConfig.java:23) ~[classes!/:1.0.0-SNAPSHOT]
	at sun.reflect.NativeMethodAccessorImpl.invoke0(Native Method) ~[na:1.8.0_201]
	at sun.reflect.NativeMethodAccessorImpl.invoke(NativeMethodAccessorImpl.java:62) ~[na:1.8.0_201]
	at sun.reflect.DelegatingMethodAccessorImpl.invoke(DelegatingMethodAccessorImpl.java:43) ~[na:1.8.0_201]
	at java.lang.reflect.Method.invoke(Method.java:498) ~[na:1.8.0_201]
	at org.springframework.beans.factory.annotation.InitDestroyAnnotationBeanPostProcessor$LifecycleElement.invoke(InitDestroyAnnotationBeanPostProcessor.java:389) ~[spring-beans-5.3.31.jar!/:5.3.31]
	at org.springframework.beans.factory.annotation.InitDestroyAnnotationBeanPostProcessor$LifecycleMetadata.invokeInitMethods(InitDestroyAnnotationBeanPostProcessor.java:333) ~[spring-beans-5.3.31.jar!/:5.3.31]
	at org.springframework.beans.factory.annotation.InitDestroyAnnotationBeanPostProcessor.postProcessBeforeInitialization(InitDestroyAnnotationBeanPostProcessor.java:157) ~[spring-beans-5.3.31.jar!/:5.3.31]
	... 26 common frames omitted
Caused by: java.lang.NullPointerException: null
	at com.alibaba.csp.sentinel.log.jul.DateFileLogHandler.publish(DateFileLogHandler.java:83) ~[sentinel-core-1.8.6.jar!/:1.8.6]
	at java.util.logging.Logger.log(Logger.java:738) ~[na:1.8.0_201]
	at java.util.logging.Logger.doLog(Logger.java:765) ~[na:1.8.0_201]
	at java.util.logging.Logger.log(Logger.java:788) ~[na:1.8.0_201]
	at com.alibaba.csp.sentinel.log.jul.BaseJulLogger.log(BaseJulLogger.java:46) ~[sentinel-core-1.8.6.jar!/:1.8.6]
	at com.alibaba.csp.sentinel.log.jul.JavaLoggingAdapter.info(JavaLoggingAdapter.java:49) ~[sentinel-core-1.8.6.jar!/:1.8.6]
	at com.alibaba.csp.sentinel.log.RecordLog.info(RecordLog.java:48) ~[sentinel-core-1.8.6.jar!/:1.8.6]
	at com.alibaba.csp.sentinel.slots.block.flow.FlowRuleManager$FlowPropertyListener.configLoad(FlowRuleManager.java:167) ~[sentinel-core-1.8.6.jar!/:1.8.6]
	at com.alibaba.csp.sentinel.slots.block.flow.FlowRuleManager$FlowPropertyListener.configLoad(FlowRuleManager.java:150) ~[sentinel-core-1.8.6.jar!/:1.8.6]
	at com.alibaba.csp.sentinel.property.DynamicSentinelProperty.addListener(DynamicSentinelProperty.java:39) ~[sentinel-core-1.8.6.jar!/:1.8.6]
	at com.alibaba.csp.sentinel.slots.block.flow.FlowRuleManager.<clinit>(FlowRuleManager.java:62) ~[sentinel-core-1.8.6.jar!/:1.8.6]
	... 34 common frames omitted

