2026-09-02 22:29:47.937  INFO 49904 --- [main] c.a.n.client.env.SearchableProperties    : properties search order:PROPERTIES->JVM->ENV->DEFAULT_SETTING
2026-09-02 22:29:48.072  INFO 49904 --- [main] c.k.a.g.KnowflowGatewayApplication       : Starting KnowflowGatewayApplication v1.0.0-SNAPSHOT using Java 1.8.0_201 on sqs-computer with PID 49904 (D:\workspaces\java\knowflow-ai\knowflow-gateway\target\knowflow-gateway-1.0.0-SNAPSHOT.jar started by sqs in D:\workspaces\java\knowflow-ai)
2026-09-02 22:29:48.073  INFO 49904 --- [main] c.k.a.g.KnowflowGatewayApplication       : No active profile set, falling back to 1 default profile: "default"
2026-09-02 22:29:48.832  INFO 49904 --- [main] o.s.cloud.context.scope.GenericScope     : BeanFactory id=2ead8689-057a-3b15-90d3-8a8232d153e8
2026-09-02 22:29:49.065  INFO 49904 --- [main] trationDelegate$BeanPostProcessorChecker : Bean 'org.springframework.cloud.client.loadbalancer.reactive.LoadBalancerBeanPostProcessorAutoConfiguration' of type [org.springframework.cloud.client.loadbalancer.reactive.LoadBalancerBeanPostProcessorAutoConfiguration] is not eligible for getting processed by all BeanPostProcessors (for example: not eligible for auto-proxying)
2026-09-02 22:29:49.066  INFO 49904 --- [main] trationDelegate$BeanPostProcessorChecker : Bean 'org.springframework.cloud.client.loadbalancer.reactive.LoadBalancerBeanPostProcessorAutoConfiguration$ReactorDeferringLoadBalancerFilterConfig' of type [org.springframework.cloud.client.loadbalancer.reactive.LoadBalancerBeanPostProcessorAutoConfiguration$ReactorDeferringLoadBalancerFilterConfig] is not eligible for getting processed by all BeanPostProcessors (for example: not eligible for auto-proxying)
2026-09-02 22:29:49.068  INFO 49904 --- [main] trationDelegate$BeanPostProcessorChecker : Bean 'reactorDeferringLoadBalancerExchangeFilterFunction' of type [org.springframework.cloud.client.loadbalancer.reactive.DeferringLoadBalancerExchangeFilterFunction] is not eligible for getting processed by all BeanPostProcessors (for example: not eligible for auto-proxying)
2026-09-02 22:29:51.321  INFO 49904 --- [main] o.s.cloud.commons.util.InetUtils         : Cannot determine local hostname
2026-09-02 22:29:54.388  INFO 49904 --- [main] o.s.cloud.commons.util.InetUtils         : Cannot determine local hostname
2026-09-02 22:29:54.969  INFO 49904 --- [main] o.s.c.g.r.RouteDefinitionRouteLocator    : Loaded RoutePredicateFactory [After]
2026-09-02 22:29:54.970  INFO 49904 --- [main] o.s.c.g.r.RouteDefinitionRouteLocator    : Loaded RoutePredicateFactory [Before]
2026-09-02 22:29:54.970  INFO 49904 --- [main] o.s.c.g.r.RouteDefinitionRouteLocator    : Loaded RoutePredicateFactory [Between]
2026-09-02 22:29:54.970  INFO 49904 --- [main] o.s.c.g.r.RouteDefinitionRouteLocator    : Loaded RoutePredicateFactory [Cookie]
2026-09-02 22:29:54.970  INFO 49904 --- [main] o.s.c.g.r.RouteDefinitionRouteLocator    : Loaded RoutePredicateFactory [Header]
2026-09-02 22:29:54.970  INFO 49904 --- [main] o.s.c.g.r.RouteDefinitionRouteLocator    : Loaded RoutePredicateFactory [Host]
2026-09-02 22:29:54.971  INFO 49904 --- [main] o.s.c.g.r.RouteDefinitionRouteLocator    : Loaded RoutePredicateFactory [Method]
2026-09-02 22:29:54.971  INFO 49904 --- [main] o.s.c.g.r.RouteDefinitionRouteLocator    : Loaded RoutePredicateFactory [Path]
2026-09-02 22:29:54.971  INFO 49904 --- [main] o.s.c.g.r.RouteDefinitionRouteLocator    : Loaded RoutePredicateFactory [Query]
2026-09-02 22:29:54.971  INFO 49904 --- [main] o.s.c.g.r.RouteDefinitionRouteLocator    : Loaded RoutePredicateFactory [ReadBody]
2026-09-02 22:29:54.971  INFO 49904 --- [main] o.s.c.g.r.RouteDefinitionRouteLocator    : Loaded RoutePredicateFactory [RemoteAddr]
2026-09-02 22:29:54.972  INFO 49904 --- [main] o.s.c.g.r.RouteDefinitionRouteLocator    : Loaded RoutePredicateFactory [XForwardedRemoteAddr]
2026-09-02 22:29:54.972  INFO 49904 --- [main] o.s.c.g.r.RouteDefinitionRouteLocator    : Loaded RoutePredicateFactory [Weight]
2026-09-02 22:29:54.972  INFO 49904 --- [main] o.s.c.g.r.RouteDefinitionRouteLocator    : Loaded RoutePredicateFactory [CloudFoundryRouteService]
2026-09-02 22:29:54.989  INFO 49904 --- [main] c.a.c.s.g.s.SentinelSCGAutoConfiguration : [Sentinel SpringCloudGateway] register SentinelGatewayFilter with order: -2147483648
2026-09-02 22:29:55.120  INFO 49904 --- [main] c.a.c.s.g.s.SentinelSCGAutoConfiguration : [Sentinel SpringCloudGateway] register SentinelGatewayBlockExceptionHandler
2026-09-02 22:29:57.236  INFO 49904 --- [main] o.s.cloud.commons.util.InetUtils         : Cannot determine local hostname
2026-09-02 22:29:57.372  WARN 49904 --- [main] iguration$LoadBalancerCaffeineWarnLogger : Spring Cloud LoadBalancer is currently working with the default cache. While this cache implementation is useful for development and tests, it's recommended to use Caffeine cache in production.You can switch to using Caffeine cache, by adding it and org.springframework.cache.caffeine.CaffeineCacheManager to the classpath.
2026-09-02 22:29:57.905  INFO 49904 --- [main] o.s.b.web.embedded.netty.NettyWebServer  : Netty started on port 8080
2026-09-02 22:29:59.483  INFO 49904 --- [main] o.s.cloud.commons.util.InetUtils         : Cannot determine local hostname
2026-09-02 22:30:00.939  INFO 49904 --- [main] o.s.cloud.commons.util.InetUtils         : Cannot determine local hostname
2026-09-02 22:30:00.971  INFO 49904 --- [main] c.a.n.p.a.s.c.ClientAuthPluginManager    : [ClientAuthPluginManager] Load ClientAuthService com.alibaba.nacos.client.auth.impl.NacosClientAuthServiceImpl success.
2026-09-02 22:30:00.971  INFO 49904 --- [main] c.a.n.p.a.s.c.ClientAuthPluginManager    : [ClientAuthPluginManager] Load ClientAuthService com.alibaba.nacos.client.auth.ram.RamClientAuthServiceImpl success.
2026-09-02 22:30:02.535  INFO 49904 --- [main] c.a.c.n.registry.NacosServiceRegistry    : nacos registry, DEFAULT_GROUP knowflow-gateway 192.168.177.1:8080 register finished
2026-09-02 22:30:02.567  INFO 49904 --- [main] c.k.a.g.KnowflowGatewayApplication       : Started KnowflowGatewayApplication in 16.57 seconds (JVM running for 16.934)
